<testsuites id="" name="" tests="1" failures="1" skipped="0" errors="0" time="65.45832">
<testsuite name="e2e/client-wizard-step3.spec.ts" timestamp="2025-11-21T20:55:34.672Z" hostname="chromium" tests="1" failures="1" skipped="0" time="60.151" errors="0">
<testcase name="Client Onboarding Wizard - Step 3 Validation Tests › should investigate Step 3 validation issue with National ID Card" classname="e2e/client-wizard-step3.spec.ts" time="60.151">
<failure message="client-wizard-step3.spec.ts:11:7 should investigate Step 3 validation issue with National ID Card" type="FAILURE">
<![CDATA[  [chromium] › e2e/client-wizard-step3.spec.ts:11:7 › Client Onboarding Wizard - Step 3 Validation Tests › should investigate Step 3 validation issue with National ID Card 

    Test timeout of 60000ms exceeded.

    Error: locator.click: Target page, context or browser has been closed
    Call log:
      - waiting for locator('[role="combobox"]').first()
        - locator resolved to <button type="button" role="combobox" data-state="closed" aria-expanded="false" aria-haspopup="dialog" data-slot="popover-trigger" aria-controls="radix-_R_1j6itmlb_" class="inline-flex items-center gap-2 whitespace-nowrap rounded-md text-sm font-medium transition-all disabled:pointer-events-none disabled:opacity-50 [&_svg]:pointer-events-none [&_svg:not([class*='size-'])]:size-4 shrink-0 [&_svg]:shrink-0 outline-none focus-visible:border-ring focus-visible:ring-ring/50 focus-visible:ring-[3px] aria-in…>…</button>
      - attempting click action
        2 × waiting for element to be visible, enabled and stable
          - element is visible, enabled and stable
          - scrolling into view if needed
          - done scrolling
          - <div data-state="open" aria-hidden="true" data-aria-hidden="true" data-slot="dialog-overlay" class="data-[state=open]:animate-in data-[state=closed]:animate-out data-[state=closed]:fade-out-0 data-[state=open]:fade-in-0 fixed inset-0 z-50 bg-black/50"></div> intercepts pointer events
        - retrying click action
        - waiting 20ms
        2 × waiting for element to be visible, enabled and stable
          - element is visible, enabled and stable
          - scrolling into view if needed
          - done scrolling
          - <div data-state="open" aria-hidden="true" data-aria-hidden="true" data-slot="dialog-overlay" class="data-[state=open]:animate-in data-[state=closed]:animate-out data-[state=closed]:fade-out-0 data-[state=open]:fade-in-0 fixed inset-0 z-50 bg-black/50"></div> intercepts pointer events
        - retrying click action
          - waiting 100ms
        113 × waiting for element to be visible, enabled and stable
            - element is visible, enabled and stable
            - scrolling into view if needed
            - done scrolling
            - <div data-state="open" aria-hidden="true" data-aria-hidden="true" data-slot="dialog-overlay" class="data-[state=open]:animate-in data-[state=closed]:animate-out data-[state=closed]:fade-out-0 data-[state=open]:fade-in-0 fixed inset-0 z-50 bg-black/50"></div> intercepts pointer events
          - retrying click action
            - waiting 500ms


      33 |       // Alternative approach - look for any dropdown with client type
      34 |       const dropdown = page.locator('[role="combobox"]').first();
    > 35 |       await dropdown.click();
         |                      ^
      36 |       await page.locator('text=Individual').click();
      37 |     }
      38 |
        at /home/kareem/GK-Enterprise-Suite/tests/e2e/client-wizard-step3.spec.ts:35:22

    attachment #1: screenshot (image/png) ──────────────────────────────────────────────────────────
    ../test-results/e2e-client-wizard-step3-Cl-f0c34-issue-with-National-ID-Card-chromium/test-failed-1.png
    ────────────────────────────────────────────────────────────────────────────────────────────────

    Error Context: ../test-results/e2e-client-wizard-step3-Cl-f0c34-issue-with-National-ID-Card-chromium/error-context.md

    attachment #3: trace (application/zip) ─────────────────────────────────────────────────────────
    ../test-results/e2e-client-wizard-step3-Cl-f0c34-issue-with-National-ID-Card-chromium/trace.zip
    Usage:

        npx playwright show-trace ../test-results/e2e-client-wizard-step3-Cl-f0c34-issue-with-National-ID-Card-chromium/trace.zip

    ────────────────────────────────────────────────────────────────────────────────────────────────
]]>
</failure>
<system-out>
<![CDATA[Starting client wizard Step 3 investigation...
Step 1: Setting up Individual client...

[[ATTACHMENT|e2e-client-wizard-step3-Cl-f0c34-issue-with-National-ID-Card-chromium/test-failed-1.png]]

[[ATTACHMENT|e2e-client-wizard-step3-Cl-f0c34-issue-with-National-ID-Card-chromium/error-context.md]]

[[ATTACHMENT|e2e-client-wizard-step3-Cl-f0c34-issue-with-National-ID-Card-chromium/trace.zip]]
]]>
</system-out>
</testcase>
</testsuite>
</testsuites>